{
 "name": "test.proto",
 "package": "foo.bar",
 "dependency": [
  "other.proto"
 ],
 "public_dependency": [
  0
 ],
 "message_type": [
  {
   "name": "outer",
   "field": [
    {
     "name": "inner_message",
     "number": 2,
     "label": 3,
     "type": 11,
     "type_name": ".foo.bar.outer.inner",
     "json_name": "innerMessage"
    },
    {
     "name": "enum_field",
     "number": 3,
     "label": 1,
     "type": 14,
     "type_name": ".foo.bar.EnumAllowingAlias",
     "json_name": "enumField"
    },
    {
     "name": "my_map",
     "number": 4,
     "label": 3,
     "type": 11,
     "type_name": ".foo.bar.outer.MyMapEntry",
     "json_name": "myMap"
    }
   ],
   "nested_type": [
    {
     "name": "inner",
     "field": [
      {
       "name": "ival",
       "number": 1,
       "label": 1,
       "type": 3,
       "json_name": "ival"
      }
     ]
    },
    {
     "name": "MyMapEntry",
     "field": [
      {
       "name": "key",
       "number": 1,
       "label": 1,
       "type": 5,
       "json_name": "key"
      },
      {
       "name": "value",
       "number": 2,
       "label": 1,
       "type": 9,
       "json_name": "value"
      }
     ],
     "options": {
      "map_entry": true
     }
    }
   ],
   "options": {}
  }
 ],
 "enum_type": [
  {
   "name": "EnumAllowingAlias",
   "value": [
    {
     "name": "UNKNOWN",
     "number": 0
    },
    {
     "name": "NULL",
     "number": 0
    },
    {
     "name": "STARTED",
     "number": 1
    },
    {
     "name": "RUNNING",
     "number": 2,
     "options": {}
    }
   ],
   "options": {
    "allow_alias": true
   }
  }
 ],
 "options": {
  "go_package": ".;foobar"
 },
 "syntax": "proto3"
}
